// Jest Snapshot v1, https://goo.gl/fbAQLP

exports[`#render shows the scene 1`] = `
<Styled(section)>
  <HomeIntro />
  <BillSearch
    viewer="test-viewer"
  />
</Styled(section)>
`;
