// Jest Snapshot v1, https://goo.gl/fbAQLP

exports[`#render shows the mobile menu 1`] = `
<Styled(div)
  onClick={[Function]}
>
  <Styled(div) />
  <Styled(NavLinks)
    onClick={[Function]}
  />
</Styled(div)>
`;
