// Jest Snapshot v1, https://goo.gl/fbAQLP

exports[`#render hides the intro when cleared 1`] = `<Defer />`;

exports[`#render shows the intro 1`] = `
<Defer>
  <Styled(div)>
    <h2>
      It's time the government went digital.
    </h2>
    <h4>
      You should be heard by your representatives, and you should know how they represent you.
    </h4>
    <h4>
      <Link
        to="#"
      >
        See the bills
      </Link>
       that impact your life and get in touch with your congress people today.
    </h4>
    <Styled(Link)
      onClick={[Function]}
    />
  </Styled(div)>
</Defer>
`;
