// Jest Snapshot v1, https://goo.gl/fbAQLP

exports[`#render shows the search field 1`] = `
<Styled(div)>
  <Styled(div)>
    <Styled(div)
      isFocused={false}
    >
      <Styled(input)
        name="search-field"
        onBlur={[Function]}
        onChange={[Function]}
        onFocus={[Function]}
        placeholder="health care, HB2364"
        type="text"
        value="test-value"
      />
      <Styled(Link)
        onClick={[Function]}
      >
        Search
      </Styled(Link)>
    </Styled(div)>
  </Styled(div)>
</Styled(div)>
`;
