// Jest Snapshot v1, https://goo.gl/fbAQLP

exports[`#render renders properly 1`] = `
<HelmetWrapper
  defer={true}
  encodeSpecialCharacters={true}
>
  <meta
    content="HB1234: Foo"
    property="og:title"
  />
  <meta
    content="A bill, fantastic"
    property="og:description"
  />
  <meta
    content="HB1234: Foo"
    name="twitter:title"
  />
  <meta
    content="A bill, fantastic"
    name="twitter:description"
  />
</HelmetWrapper>
`;
